<html>
<body>
<pre>
<h1>�Vision Build Log</h1>
<h2>Tool Versions:</h2>
IDE-Version: µVision V5.24.2.0
Copyright (C) 2017 ARM Ltd and ARM Germany GmbH. All rights reserved.
License Information: 1 1, 1, LIC=3UURY-IXXE8-INIA7-ED9Y6-PV1YQ-2P107
 
Tool Versions:
Toolchain:       MDK-ARM Professional  Version: 5.24.1
Toolchain Path:  D:\Keil_v5\ARM\ARMCC\Bin
C Compiler:      Armcc.exe V5.06 update 5 (build 528)
Assembler:       Armasm.exe V5.06 update 5 (build 528)
Linker/Locator:  ArmLink.exe V5.06 update 5 (build 528)
Library Manager: ArmAr.exe V5.06 update 5 (build 528)
Hex Converter:   FromElf.exe V5.06 update 5 (build 528)
CPU DLL:         SARMCM3.DLL V5.24.1
Dialog DLL:      DCM.DLL V1.16.0.0
Target DLL:      STLink\ST-LINKIII-KEIL_SWO.dll V3.0.1.0
Dialog DLL:      TCM.DLL V1.32.0.0
 
<h2>Project:</h2>
C:\Users\HaoKangLe\Desktop\stm32_car_v1.3_自动避障\stm32_car_v1.3_AUTO_AVOID\project.uvprojx
Project File Date:  08/14/2026

<h2>Output:</h2>
*** Using Compiler 'V5.06 update 5 (build 528)', folder: 'D:\Keil_v5\ARM\ARMCC\Bin'
Build target 'Target 1'
compiling main.c...
.\Hardware\Motor.h(6): warning:  #1-D: last line of file ends without a newline
  #endif
User\main.c(46): warning:  #223-D: function "Car_Stop" declared implicitly
              Car_Stop();
User\main.c(58): warning:  #223-D: function "Go_Ahead" declared implicitly
              Go_Ahead();
User\main.c(69): warning:  #223-D: function "Car_Stop" declared implicitly
              Car_Stop();
User\main.c(92): warning:  #223-D: function "Self_Right" declared implicitly
                  Self_Right();
User\main.c(122): warning:  #223-D: function "Self_Left" declared implicitly
                      Self_Left();
User\main.c(144): warning:  #223-D: function "Go_Back" declared implicitly
                      Go_Back();
User\main.c(167): warning:  #1-D: last line of file ends without a newline
  }
User\main.c: 8 warnings, 0 errors
linking...
Program Size: Code=3344 RO-data=252 RW-data=0 ZI-data=1632  
".\Objects\project.axf" - 0 Error(s), 8 Warning(s).

<h2>Software Packages used:</h2>

Package Vendor: Keil
                http://www.keil.com/pack/Keil.STM32F1xx_DFP.2.4.0.pack
                Keil.STM32F1xx_DFP.2.4.0
                STMicroelectronics STM32F1 Series Device Support, Drivers and Examples

<h2>Collection of Component include folders:</h2>
  .\RTE\_Target_1
  D:\Keil_v5\ARM\PACK\Keil\STM32F1xx_DFP\2.4.0\Device\Include

<h2>Collection of Component Files used:</h2>
Build Time Elapsed:  00:00:02
</pre>
</body>
</html>
